// Jest Snapshot v1, https://goo.gl/fbAQLP

exports[`should match snapshoot 1`] = `
<DocumentFragment>
  <div
    class="container"
  >
    Hello World
  </div>
</DocumentFragment>
`;
